apiVersion: v1
kind: Service
metadata:
  annotations:
    service.alpha.kubernetes.io/tolerate-unready-endpoints: 'true'
  labels:
    app.kubernetes.io/component: primary
    app.kubernetes.io/instance: postgresql
    app.kubernetes.io/managed-by: commodore
    app.kubernetes.io/name: postgresql
    app.kubernetes.io/version: 16.1.0
    helm.sh/chart: postgresql-13.4.2
  name: postgresql-hl
  namespace: app-defaults
spec:
  clusterIP: None
  ports:
    - name: tcp-postgresql
      port: 5432
      targetPort: tcp-postgresql
  publishNotReadyAddresses: true
  selector:
    app.kubernetes.io/component: primary
    app.kubernetes.io/instance: postgresql
    app.kubernetes.io/name: postgresql
  type: ClusterIP
