apiVersion: v1
kind: PersistentVolumeClaim
metadata:
  annotations:
    helm.sh/resource-policy: keep
  labels:
    app.kubernetes.io/component: app
    app.kubernetes.io/instance: nextcloud
    app.kubernetes.io/managed-by: Helm
    app.kubernetes.io/name: nextcloud
    helm.sh/chart: nextcloud-6.2.1
  name: nextcloud-nextcloud
spec:
  accessModes:
    - ReadWriteOnce
  resources:
    requests:
      storage: 10Gi
