apiVersion: v1
kind: PersistentVolumeClaim
metadata:
  labels:
    app.kubernetes.io/component: app
    app.kubernetes.io/instance: nextcloud
    app.kubernetes.io/managed-by: commodore
    app.kubernetes.io/name: nextcloud
    helm.sh/chart: nextcloud-4.1.0
  name: nextcloud-nextcloud-data
spec:
  accessModes:
    - ReadWriteOnce
  resources:
    requests:
      storage: 50Gi
