apiVersion: v1
data:
  nextcloud-password: Y2hhbmdlbWU=
  nextcloud-token: aVFOQnhpVFQzdg==
  nextcloud-username: YWRtaW4=
kind: Secret
metadata:
  labels:
    app.kubernetes.io/instance: nextcloud
    app.kubernetes.io/managed-by: commodore
    app.kubernetes.io/name: nextcloud
    helm.sh/chart: nextcloud-4.1.0
  name: nextcloud
type: Opaque
