apiVersion: v1
kind: Service
metadata:
  labels:
    app.kubernetes.io/component: app
    app.kubernetes.io/instance: nextcloud
    app.kubernetes.io/managed-by: commodore
    app.kubernetes.io/name: nextcloud
    helm.sh/chart: nextcloud-4.1.0
  name: nextcloud
spec:
  ports:
    - name: http
      port: 8080
      protocol: TCP
      targetPort: 80
  selector:
    app.kubernetes.io/component: app
    app.kubernetes.io/instance: nextcloud
    app.kubernetes.io/name: nextcloud
  type: ClusterIP
