apiVersion: v1
kind: Namespace
metadata:
  annotations: {}
  labels:
    name: app-instances
  name: app-instances
