apiVersion: v1
data: {}
kind: Secret
metadata:
  annotations: {}
  labels:
    app.kubernetes.io/instance: nextcloud
    app.kubernetes.io/managed-by: commodore
    app.kubernetes.io/name: nextcloud
    name: nextcloud
  name: nextcloud
stringData:
  nextcloud-password: t-silent-test-1234/c-green-test-1234/nextcloud/instances/nextcloud
  nextcloud-token: t-silent-test-1234/c-green-test-1234/nextcloud/instances/token
  nextcloud-username: admin
  postgres-password: t-silent-test-1234/c-green-test-1234/nextcloud/instances/postgresql
  postgres-username: nextcloud
  redis-password: t-silent-test-1234/c-green-test-1234/nextcloud/instances/redis
type: Opaque
