apiVersion: v1
kind: Service
metadata:
  labels:
    app.kubernetes.io/component: primary
    app.kubernetes.io/instance: postgresql
    app.kubernetes.io/managed-by: commodore
    app.kubernetes.io/name: postgresql
    app.kubernetes.io/version: 16.2.0
    helm.sh/chart: postgresql-14.0.5
  name: postgresql
  namespace: app-instances
spec:
  ports:
    - name: tcp-postgresql
      nodePort: null
      port: 5432
      targetPort: tcp-postgresql
  selector:
    app.kubernetes.io/component: primary
    app.kubernetes.io/instance: postgresql
    app.kubernetes.io/name: postgresql
  sessionAffinity: None
  type: ClusterIP
