apiVersion: v1
data: {}
kind: Secret
metadata:
  annotations: {}
  labels:
    app.kubernetes.io/instance: defaults
    app.kubernetes.io/managed-by: commodore
    app.kubernetes.io/name: nextcloud
    name: nextcloud
  name: nextcloud
  namespace: app-defaults
stringData:
  nextcloud-password: t-silent-test-1234/c-green-test-1234/nextcloud/defaults/nextcloud
  nextcloud-token: t-silent-test-1234/c-green-test-1234/nextcloud/defaults/token
  nextcloud-username: admin
  postgres-password: t-silent-test-1234/c-green-test-1234/nextcloud/defaults/postgresql
  postgres-username: nextcloud
  redis-password: t-silent-test-1234/c-green-test-1234/nextcloud/defaults/redis
type: Opaque
