apiVersion: v1
kind: Service
metadata:
  labels:
    app.kubernetes.io/component: master
    app.kubernetes.io/instance: redis
    app.kubernetes.io/managed-by: commodore
    app.kubernetes.io/name: redis
    app.kubernetes.io/version: 7.2.5
    helm.sh/chart: redis-19.6.4
  name: redis-master
  namespace: app-defaults
spec:
  internalTrafficPolicy: Cluster
  ports:
    - name: tcp-redis
      nodePort: null
      port: 6379
      targetPort: redis
  selector:
    app.kubernetes.io/component: master
    app.kubernetes.io/instance: redis
    app.kubernetes.io/name: redis
  sessionAffinity: None
  type: ClusterIP
