apiVersion: apps/v1
kind: StatefulSet
metadata:
  labels:
    app.kubernetes.io/component: master
    app.kubernetes.io/instance: redis
    app.kubernetes.io/managed-by: commodore
    app.kubernetes.io/name: redis
    app.kubernetes.io/version: 7.2.4
    helm.sh/chart: redis-18.12.1
  name: redis-master
  namespace: app-instances
spec:
  replicas: 1
  selector:
    matchLabels:
      app.kubernetes.io/component: master
      app.kubernetes.io/instance: redis
      app.kubernetes.io/name: redis
  serviceName: redis-headless
  template:
    metadata:
      annotations:
        checksum/configmap: 86bcc953bb473748a3d3dc60b7c11f34e60c93519234d4c37f42e22ada559d47
        checksum/health: aff24913d801436ea469d8d374b2ddb3ec4c43ee7ab24663d5f8ff1a1b6991a9
        checksum/scripts: 560c33ff34d845009b51830c332aa05fa211444d1877d3526d3599be7543aaa5
        checksum/secret: 44136fa355b3678a1146ad16f7e8649e94fb4fc21fe77e8310c060f61caaff8a
      labels:
        app.kubernetes.io/component: master
        app.kubernetes.io/instance: redis
        app.kubernetes.io/managed-by: commodore
        app.kubernetes.io/name: redis
        app.kubernetes.io/version: 7.2.4
        helm.sh/chart: redis-18.12.1
    spec:
      affinity:
        nodeAffinity: null
        podAffinity: null
        podAntiAffinity:
          preferredDuringSchedulingIgnoredDuringExecution:
            - podAffinityTerm:
                labelSelector:
                  matchLabels:
                    app.kubernetes.io/component: master
                    app.kubernetes.io/instance: redis
                    app.kubernetes.io/name: redis
                topologyKey: kubernetes.io/hostname
              weight: 1
      automountServiceAccountToken: false
      containers:
        - args:
            - -c
            - /opt/bitnami/scripts/start-scripts/start-master.sh
          command:
            - /bin/bash
          env:
            - name: BITNAMI_DEBUG
              value: 'false'
            - name: REDIS_REPLICATION_MODE
              value: master
            - name: ALLOW_EMPTY_PASSWORD
              value: 'no'
            - name: REDIS_PASSWORD
              valueFrom:
                secretKeyRef:
                  key: redis-password
                  name: nextcloud
            - name: REDIS_TLS_ENABLED
              value: 'no'
            - name: REDIS_PORT
              value: '6379'
          image: docker.io/bitnami/redis:7.2.4-debian-11-r5
          imagePullPolicy: IfNotPresent
          livenessProbe:
            exec:
              command:
                - sh
                - -c
                - /health/ping_liveness_local.sh 5
            failureThreshold: 5
            initialDelaySeconds: 20
            periodSeconds: 5
            successThreshold: 1
            timeoutSeconds: 6
          name: redis
          ports:
            - containerPort: 6379
              name: redis
          readinessProbe:
            exec:
              command:
                - sh
                - -c
                - /health/ping_readiness_local.sh 1
            failureThreshold: 5
            initialDelaySeconds: 20
            periodSeconds: 5
            successThreshold: 1
            timeoutSeconds: 2
          resources:
            limits:
              cpu: 500m
              memory: 256Mi
            requests:
              cpu: 20m
              memory: 128Mi
          securityContext:
            allowPrivilegeEscalation: false
            capabilities:
              drop:
                - ALL
            runAsGroup: 0
            runAsNonRoot: true
            runAsUser: 1001
            seLinuxOptions: null
            seccompProfile:
              type: RuntimeDefault
          volumeMounts:
            - mountPath: /opt/bitnami/scripts/start-scripts
              name: start-scripts
            - mountPath: /health
              name: health
            - mountPath: /data
              name: redis-data
            - mountPath: /opt/bitnami/redis/mounted-etc
              name: config
            - mountPath: /opt/bitnami/redis/etc/
              name: redis-tmp-conf
            - mountPath: /tmp
              name: tmp
      enableServiceLinks: true
      securityContext:
        fsGroup: 1001
        fsGroupChangePolicy: Always
        supplementalGroups: []
        sysctls: []
      serviceAccountName: default
      terminationGracePeriodSeconds: 30
      volumes:
        - configMap:
            defaultMode: 493
            name: redis-scripts
          name: start-scripts
        - configMap:
            defaultMode: 493
            name: redis-health
          name: health
        - configMap:
            name: redis-configuration
          name: config
        - emptyDir: {}
          name: redis-tmp-conf
        - emptyDir: {}
          name: tmp
  updateStrategy:
    type: RollingUpdate
  volumeClaimTemplates:
    - apiVersion: v1
      kind: PersistentVolumeClaim
      metadata:
        labels:
          app.kubernetes.io/component: master
          app.kubernetes.io/instance: redis
          app.kubernetes.io/name: redis
        name: redis-data
      spec:
        accessModes:
          - ReadWriteOnce
        resources:
          requests:
            storage: 1Gi
