apiVersion: networking.k8s.io/v1
kind: Ingress
metadata:
  annotations:
    cert-manager.io/cluster-issuer: letsencrypt-production
    nginx.ingress.kubernetes.io/proxy-body-size: 4G
  labels:
    app.kubernetes.io/component: app
    app.kubernetes.io/instance: nextcloud
    app.kubernetes.io/managed-by: commodore
    app.kubernetes.io/name: nextcloud
    helm.sh/chart: nextcloud-4.5.20
  name: nextcloud
spec:
  rules:
    - host: nextcloud.local
      http:
        paths:
          - backend:
              service:
                name: nextcloud
                port:
                  number: 8080
            path: /
            pathType: Prefix
  tls:
    - hosts:
        - nextcloud.local
      secretName: nextcloud-tls
