apiVersion: v1
kind: Service
metadata:
  annotations: null
  labels:
    app.kubernetes.io/instance: redis
    app.kubernetes.io/managed-by: commodore
    app.kubernetes.io/name: redis
    app.kubernetes.io/version: 7.2.4
    helm.sh/chart: redis-18.12.1
  name: redis-headless
  namespace: app-defaults
spec:
  clusterIP: None
  ports:
    - name: tcp-redis
      port: 6379
      targetPort: redis
  selector:
    app.kubernetes.io/instance: redis
    app.kubernetes.io/name: redis
  type: ClusterIP
