apiVersion: v1
data:
  start-master.sh: |
    #!/bin/bash

    [[ -f $REDIS_PASSWORD_FILE ]] && export REDIS_PASSWORD="$(< "${REDIS_PASSWORD_FILE}")"
    if [[ -f /opt/bitnami/redis/mounted-etc/master.conf ]];then
        cp /opt/bitnami/redis/mounted-etc/master.conf /opt/bitnami/redis/etc/master.conf
    fi
    if [[ -f /opt/bitnami/redis/mounted-etc/redis.conf ]];then
        cp /opt/bitnami/redis/mounted-etc/redis.conf /opt/bitnami/redis/etc/redis.conf
    fi
    ARGS=("--port" "${REDIS_PORT}")
    ARGS+=("--requirepass" "${REDIS_PASSWORD}")
    ARGS+=("--masterauth" "${REDIS_PASSWORD}")
    ARGS+=("--include" "/opt/bitnami/redis/etc/redis.conf")
    ARGS+=("--include" "/opt/bitnami/redis/etc/master.conf")
    exec redis-server "${ARGS[@]}"
kind: ConfigMap
metadata:
  labels:
    app.kubernetes.io/instance: redis
    app.kubernetes.io/managed-by: commodore
    app.kubernetes.io/name: redis
    app.kubernetes.io/version: 7.2.4
    helm.sh/chart: redis-18.12.1
  name: redis-scripts
  namespace: app-defaults
